// Jest Snapshot v1, https://goo.gl/fbAQLP

exports[`tests renders 1`] = `
<div>
  <form>
    <div
      class="image-selector no-image"
    >
      <div
        class="image-select no-image"
      >
        <div
          class="image-data"
        >
          <button
            class="image-name-input btn btn-secondary btn-icon"
          >
            <svg
              fill="currentColor"
              height="1em"
              stroke="currentColor"
              stroke-width="0"
              viewBox="0 0 512 512"
              width="1em"
              xmlns="http://www.w3.org/2000/svg"
            >
              <path
                d="M480 119c0-13.3-9.4-23-22.8-23H198.9c-2.8 0-4.3-.6-6.1-2.4l-22.5-22.5-.2-.2c-4.9-4.6-8.9-6.9-17.3-6.9H56.7C42.9 64 32 74.3 32 87v73.7c0 1.6 1.7 1.5 3 .7s5-1.4 7-1.4h428c2 0 5.7.6 7 1.4 1.3.8 3 .9 3-.7V119zM32 416.4c0 17.5 14.2 31.6 31.6 31.6H448c17.6 0 32-14.4 32-32V204c0-8.8-7.2-16-16-16H48c-8.8 0-16 7.2-16 16v212.4z"
              />
            </svg>
            Choose Image
          </button>
        </div>
      </div>
      <div
        class="field-container field-type-input"
      >
        <input
          class="input"
          disabled=""
          placeholder="Alt text"
          type="text"
          value=""
        />
      </div>
      <div
        class="image-edit-wrapper"
      >
        <div
          class="field-container field-type-cld-media-editor"
        >
          <label>
            Crop Image
          </label>
          <button
            class="open-media-editor btn btn-secondary btn-icon"
            disabled=""
          >
            <svg
              fill="currentColor"
              height="1em"
              stroke="currentColor"
              stroke-width="0"
              viewBox="0 0 24 24"
              width="1em"
              xmlns="http://www.w3.org/2000/svg"
            >
              <path
                d="M0 0h24v24H0V0zm0 0h24v24H0V0z"
                fill="none"
              />
              <path
                d="M7.47 21.49C4.2 19.93 1.86 16.76 1.5 13H0c.51 6.16 5.66 11 11.95 11 .23 0 .44-.02.66-.03L8.8 20.15l-1.33 1.34zM12.05 0c-.23 0-.44.02-.66.04l3.81 3.81 1.33-1.33C19.8 4.07 22.14 7.24 22.5 11H24c-.51-6.16-5.66-11-11.95-11zM16 14h2V8a2 2 0 00-2-2h-6v2h6v6zm-8 2V4H6v2H4v2h2v8a2 2 0 002 2h8v2h2v-2h2v-2H8z"
              />
            </svg>
            Edit Image
          </button>
        </div>
        <div
          class="field-container image-size-container"
        >
          <h5
            class="section-header"
          >
            Scale Image
          </h5>
          <span>
            <label>
              Width
              <div
                class="rc-input-number"
              >
                <div
                  class="rc-input-number-handler-wrap"
                >
                  <span
                    aria-disabled="false"
                    aria-label="Increase Value"
                    class="rc-input-number-handler rc-input-number-handler-up"
                    role="button"
                    unselectable="on"
                  >
                    <span
                      class="rc-input-number-handler-up-inner"
                      unselectable="on"
                    />
                  </span>
                  <span
                    aria-disabled="false"
                    aria-label="Decrease Value"
                    class="rc-input-number-handler rc-input-number-handler-down"
                    role="button"
                    unselectable="on"
                  >
                    <span
                      class="rc-input-number-handler-down-inner"
                      unselectable="on"
                    />
                  </span>
                </div>
                <div
                  class="rc-input-number-input-wrap"
                >
                  <input
                    aria-valuemin="1"
                    aria-valuenow="766"
                    autocomplete="off"
                    class="rc-input-number-input"
                    role="spinbutton"
                    step="1"
                    value="766"
                  />
                </div>
              </div>
            </label>
            <svg
              fill="currentColor"
              height="1em"
              stroke="currentColor"
              stroke-width="0"
              viewBox="0 0 512 512"
              width="1em"
              xmlns="http://www.w3.org/2000/svg"
            >
              <path
                d="M376 186h-20v-40c0-55-45-100-100-100S156 91 156 146v40h-20c-22.002 0-40 17.998-40 40v200c0 22.002 17.998 40 40 40h240c22.002 0 40-17.998 40-40V226c0-22.002-17.998-40-40-40zM256 368c-22.002 0-40-17.998-40-40s17.998-40 40-40 40 17.998 40 40-17.998 40-40 40zm62.002-182H193.998v-40c0-34.004 28.003-62.002 62.002-62.002 34.004 0 62.002 27.998 62.002 62.002v40z"
              />
            </svg>
            <label>
              Height
              <div
                class="rc-input-number"
              >
                <div
                  class="rc-input-number-handler-wrap"
                >
                  <span
                    aria-disabled="false"
                    aria-label="Increase Value"
                    class="rc-input-number-handler rc-input-number-handler-up"
                    role="button"
                    unselectable="on"
                  >
                    <span
                      class="rc-input-number-handler-up-inner"
                      unselectable="on"
                    />
                  </span>
                  <span
                    aria-disabled="false"
                    aria-label="Decrease Value"
                    class="rc-input-number-handler rc-input-number-handler-down"
                    role="button"
                    unselectable="on"
                  >
                    <span
                      class="rc-input-number-handler-down-inner"
                      unselectable="on"
                    />
                  </span>
                </div>
                <div
                  class="rc-input-number-input-wrap"
                >
                  <input
                    aria-valuemin="1"
                    aria-valuenow="300"
                    autocomplete="off"
                    class="rc-input-number-input"
                    role="spinbutton"
                    step="1"
                    value="300"
                  />
                </div>
              </div>
            </label>
          </span>
        </div>
        <button
          class="btn btn-secondary btn-icon reset-button"
          disabled=""
        >
          Reset to the original size
          <svg
            fill="currentColor"
            height="1em"
            stroke="currentColor"
            stroke-width="0"
            viewBox="0 0 512 512"
            width="1em"
            xmlns="http://www.w3.org/2000/svg"
          >
            <path
              d="M262.3 179.6c-57.9 0-110.3 21.6-150.7 56.8L32 160v192h197.5l-79.1-76.8c30.4-25.3 69-41.1 111.8-41.1 77.3 0 143.1 48.2 166 117.8l51.8-14.8c-30.4-91.4-116.2-157.5-217.7-157.5z"
            />
          </svg>
        </button>
      </div>
      <div
        class="image-align"
      >
        <div
          class="field-container field-type-radio-group"
        >
          <label>
            Image Alignment
            <div
              class="radio styled-buttons"
            >
              <label
                class="with-label with-icon"
              >
                <input
                  id="left"
                  name="radio"
                  type="radio"
                  value="left"
                />
                <svg>
                  align-horizontal-left.svg
                </svg>
                <div
                  class="radio-label"
                >
                  Left
                </div>
              </label>
              <label
                class="active with-label with-icon"
              >
                <input
                  checked=""
                  id="center"
                  name="radio"
                  type="radio"
                  value="center"
                />
                <svg>
                  align-horizontal-center.svg
                </svg>
                <div
                  class="radio-label"
                >
                  Center
                </div>
              </label>
              <label
                class="with-label with-icon"
              >
                <input
                  id="right"
                  name="radio"
                  type="radio"
                  value="right"
                />
                <svg>
                  align-horizontal-right.svg
                </svg>
                <div
                  class="radio-label"
                >
                  Right
                </div>
              </label>
            </div>
          </label>
        </div>
      </div>
      <div
        class="image-optimizations"
      >
        <h5
          class="section-header"
        >
          Image Optimizations
        </h5>
        <div
          class="field-container field-type-switch"
        >
          <label
            class="switch-container"
          >
            <div
              class="toggle-switch"
              style="position: relative; display: inline-block; text-align: left; opacity: 0.5; direction: ltr; border-radius: 5px; transition: opacity 0.25s; user-select: none;"
            >
              <div
                class="react-switch-bg"
                style="height: 10px; width: 24px; margin: 0px; position: relative; background: rgb(189, 189, 189); border-radius: 5px; cursor: default; transition: background 0.25s;"
              />
              <div
                class="react-switch-handle"
                style="height: 10px; width: 10px; background: rgb(255, 255, 255); display: inline-block; cursor: default; border-radius: 50%; position: absolute; transform: translateX(0px); top: 0px; outline: 0; border: 0px; transition: background-color 0.25s, transform 0.25s, box-shadow 0.15s;"
              />
              <input
                disabled=""
                role="switch"
                style="border: 0px; height: 1px; margin: -1px; overflow: hidden; padding: 0px; position: absolute; width: 1px;"
                type="checkbox"
              />
            </div>
            Enable Optimizations
          </label>
        </div>
        <h6
          class="section-sub-header"
        >
          *Not applicable to email content
        </h6>
        <div
          class="image-js hidden"
        >
          <h6
            class="section-label"
          >
            Image Breakpoints
          </h6>
          <div
            class="field-container field-type-checkbox"
          >
            <label
              class="checkbox-container"
            >
              <input
                type="checkbox"
              />
              Enable responsive images
            </label>
          </div>
        </div>
      </div>
    </div>
  </form>
</div>
`;
