// Jest Snapshot v1, https://goo.gl/fbAQLP

exports[`tests renders 1`] = `
<div>
  <div
    class="field-container field-type-radio-group"
  >
    <label>
      <div
        class="radio"
      >
        <label
          class="with-label"
        >
          <input
            id="1"
            name="radio"
            type="radio"
            value="1"
          />
          <div
            class="radio-label"
          >
            one
          </div>
        </label>
        <label
          class="with-label"
        >
          <input
            id="2"
            name="radio"
            type="radio"
            value="2"
          />
          <div
            class="radio-label"
          >
            two
          </div>
        </label>
        <label
          class="with-label"
        >
          <input
            id="3"
            name="radio"
            type="radio"
            value="3"
          />
          <div
            class="radio-label"
          >
            three
          </div>
        </label>
        <label
          class="with-label"
        >
          <input
            id="4"
            name="radio"
            type="radio"
            value="4"
          />
          <div
            class="radio-label"
          >
            four
          </div>
        </label>
        <label
          class="with-label"
        >
          <input
            id="5"
            name="radio"
            type="radio"
            value="5"
          />
          <div
            class="radio-label"
          >
            five
          </div>
        </label>
      </div>
    </label>
  </div>
</div>
`;
